Tracking "gbm_noise_analysis/expression_matrix.csv"
".git/objects/pack/tmp_pack_Fg0skn" already supported
".git/objects/pack/tmp_pack_mFwGu8" already supported
".git/objects/pack/tmp_pack_9s63Gz" already supported
".git/objects/pack/pack-b3f031755495fc1c0a7b75ae1fe00c9312a9e9df.pack" already supported
Tracking ".git/lfs/objects/28/45/28459f7ad089fbb449f583dcfedc7d6a55d8b2d88e5740d25ca3b3b86d111fd0"
