cv_by_celltype is a list of length: 0 
First element structure:
 NULL

Summary of cv_expr column:
Length  Class   Mode 
     0   NULL   NULL 

Number of non-finite values in cv_expr: 0 

First 10 non-finite values (if any):
NULL
